// Jest Snapshot v1, https://goo.gl/fbAQLP

exports[`Should render expense list with empty message 1`] = `
<div>
  <h1>
    Expense List:
  </h1>
  <p>
    No Expenses
  </p>
</div>
`;

exports[`This should test the expense list component 1`] = `
<div>
  <h1>
    Expense List:
  </h1>
  <Connect(ExpenseListItem)
    amount={192}
    createdAt={0}
    description="Gum"
    id="1"
    key="1"
    note=""
  />
  <Connect(ExpenseListItem)
    amount={1922}
    createdAt={-345600000}
    description="Gas"
    id="2"
    key="2"
    note=""
  />
  <Connect(ExpenseListItem)
    amount={19211}
    createdAt={259200000}
    description="Rent"
    id="3"
    key="3"
    note=""
  />
</div>
`;
