// Jest Snapshot v1, https://goo.gl/fbAQLP

exports[`Should test the expense list item component 1`] = `
<div>
  <NavLink
    activeClassName="active"
    ariaCurrent="true"
    to="/edit/1"
  >
     
    <h1>
      Gum
    </h1>
  </NavLink>
  <p>
    December 31st, 1969
    -
    $1.92
  </p>
</div>
`;
