// Jest Snapshot v1, https://goo.gl/fbAQLP

exports[`Should test the Expense Dashboard Page component 1`] = `
<div>
  <Connect(ExpenseListFilter) />
  <ExpenseSummary />
  <Connect(ExpenseList) />
</div>
`;
