// Jest Snapshot v1, https://goo.gl/fbAQLP

exports[`This should test the help page 1`] = `
<div>
  <Connect(ExpenseListFilter) />
  <ExpenseSummary />
  <Connect(ExpenseList) />
</div>
`;
