// Jest Snapshot v1, https://goo.gl/fbAQLP

exports[`Should Render Login Page correctly 1`] = `
<div>
  <h1>
    Authentication
  </h1>
  <button
    onClick={[Function]}
  >
    Login
  </button>
</div>
`;
